// Vitest Snapshot v1, https://vitest.dev/guide/snapshot.html

exports[`bookings/[bookingId].tsx snapshots > accepted booking — real driver card, vehicle, and cancel footer 1`] = `
[
  <View
    style={
      [
        {
          "flex": 1,
        },
        {
          "backgroundColor": "#FFFFFF",
        },
      ]
    }
  >
    <ScrollView
      contentContainerStyle={
        {
          "gap": 12,
          "paddingBottom": 20,
        }
      }
      showsVerticalScrollIndicator={false}
    >
      <View
        style={
          [
            {
              "alignItems": "center",
              "flexDirection": "row",
              "paddingBottom": 8,
              "paddingHorizontal": 16,
            },
            {
              "paddingTop": 8,
            },
          ]
        }
      >
        <TouchableOpacity
          accessibilityLabel="common:actions.back"
          accessibilityRole="button"
          hitSlop={12}
          onPress={[Function]}
        >
          <Ionicons
            color="#14201B"
            name="chevron-back"
            size={24}
          />
        </TouchableOpacity>
        <Text
          style={
            [
              {
                "fontSize": 24,
                "fontWeight": "600",
                "lineHeight": 28.799999999999997,
              },
              {
                "color": "#14201B",
                "textAlign": undefined,
                "writingDirection": "ltr",
              },
              {
                "flex": 1,
                "textAlign": "center",
              },
            ]
          }
        >
          booking:detail.title
        </Text>
        <View
          style={
            {
              "width": 24,
            }
          }
        />
      </View>
      <View
        style={
          {
            "marginHorizontal": 16,
            "position": "relative",
          }
        }
      >
        <View
          style={
            [
              {
                "backgroundColor": "#EDEBE1",
                "borderRadius": 16,
                "overflow": "hidden",
                "position": "relative",
              },
              {
                "height": 160,
              },
              {},
            ]
          }
        >
          <MapView
            customMapStyle={
              [
                {
                  "elementType": "geometry",
                  "stylers": [
                    {
                      "color": "#F3F1E9",
                    },
                  ],
                },
                {
                  "elementType": "labels.icon",
                  "stylers": [
                    {
                      "visibility": "off",
                    },
                  ],
                },
                {
                  "elementType": "labels.text.fill",
                  "stylers": [
                    {
                      "color": "#5B6572",
                    },
                  ],
                },
                {
                  "elementType": "labels.text.stroke",
                  "stylers": [
                    {
                      "color": "#FFFFFF",
                    },
                  ],
                },
                {
                  "elementType": "geometry",
                  "featureType": "landscape.natural",
                  "stylers": [
                    {
                      "color": "#F3F1E9",
                    },
                  ],
                },
                {
                  "elementType": "geometry",
                  "featureType": "administrative",
                  "stylers": [
                    {
                      "color": "#D3CFC0",
                    },
                  ],
                },
                {
                  "featureType": "administrative.land_parcel",
                  "stylers": [
                    {
                      "visibility": "off",
                    },
                  ],
                },
                {
                  "elementType": "geometry",
                  "featureType": "poi",
                  "stylers": [
                    {
                      "color": "#E7E3D5",
                    },
                  ],
                },
                {
                  "elementType": "labels.text.fill",
                  "featureType": "poi",
                  "stylers": [
                    {
                      "color": "#7A8677",
                    },
                  ],
                },
                {
                  "elementType": "geometry",
                  "featureType": "poi.park",
                  "stylers": [
                    {
                      "color": "#DDE3E0",
                    },
                  ],
                },
                {
                  "elementType": "labels.text.fill",
                  "featureType": "poi.park",
                  "stylers": [
                    {
                      "color": "#5B6572",
                    },
                  ],
                },
                {
                  "elementType": "geometry",
                  "featureType": "road",
                  "stylers": [
                    {
                      "color": "#FFFFFF",
                    },
                  ],
                },
                {
                  "elementType": "geometry.stroke",
                  "featureType": "road",
                  "stylers": [
                    {
                      "color": "#E4DFCE",
                    },
                  ],
                },
                {
                  "elementType": "labels.text.fill",
                  "featureType": "road",
                  "stylers": [
                    {
                      "color": "#8B93A3",
                    },
                  ],
                },
                {
                  "elementType": "geometry",
                  "featureType": "road.highway",
                  "stylers": [
                    {
                      "color": "#EDE8D6",
                    },
                  ],
                },
                {
                  "elementType": "geometry.stroke",
                  "featureType": "road.highway",
                  "stylers": [
                    {
                      "color": "#D9D2B8",
                    },
                  ],
                },
                {
                  "elementType": "labels.text.fill",
                  "featureType": "road.highway",
                  "stylers": [
                    {
                      "color": "#5B6572",
                    },
                  ],
                },
                {
                  "elementType": "geometry",
                  "featureType": "transit",
                  "stylers": [
                    {
                      "color": "#E7E3D5",
                    },
                  ],
                },
                {
                  "elementType": "geometry",
                  "featureType": "water",
                  "stylers": [
                    {
                      "color": "#B9D6DE",
                    },
                  ],
                },
                {
                  "elementType": "labels.text.fill",
                  "featureType": "water",
                  "stylers": [
                    {
                      "color": "#5B7D8A",
                    },
                  ],
                },
              ]
            }
            initialRegion={
              {
                "latitude": 36.620999999999995,
                "latitudeDelta": 0.7072000000000003,
                "longitude": 10.39,
                "longitudeDelta": 0.6719999999999999,
              }
            }
            mapType="standard"
            onMapReady={[Function]}
            pitchEnabled={false}
            pointerEvents="none"
            provider="default"
            rotateEnabled={false}
            scrollEnabled={false}
            style={{}}
            userInterfaceStyle="light"
            zoomEnabled={false}
          >
            <Marker
              anchor={
                {
                  "x": 0.5,
                  "y": 0.5,
                }
              }
              coordinate={
                {
                  "latitude": 36.842,
                  "longitude": 10.18,
                }
              }
            >
              <View
                style={
                  [
                    {
                      "alignItems": "center",
                      "borderBottomLeftRadius": 2,
                      "borderRadius": 13,
                      "borderWidth": 2.5,
                      "elevation": 3,
                      "height": 26,
                      "justifyContent": "center",
                      "shadowColor": "#000",
                      "shadowOffset": {
                        "height": 2,
                        "width": 0,
                      },
                      "shadowOpacity": 0.2,
                      "shadowRadius": 4,
                      "transform": [
                        {
                          "rotate": "-45deg",
                        },
                      ],
                      "width": 26,
                    },
                    {
                      "backgroundColor": "#2E9E6C",
                      "borderColor": "#FFFFFF",
                    },
                  ]
                }
              >
                <View
                  style={
                    [
                      {
                        "borderRadius": 3.5,
                        "height": 7,
                        "transform": [
                          {
                            "rotate": "45deg",
                          },
                        ],
                        "width": 7,
                      },
                      {
                        "backgroundColor": "#0D1512",
                      },
                    ]
                  }
                />
              </View>
            </Marker>
            <Marker
              anchor={
                {
                  "x": 0.5,
                  "y": 0.5,
                }
              }
              coordinate={
                {
                  "latitude": 36.4,
                  "longitude": 10.6,
                }
              }
            >
              <View
                style={
                  [
                    {
                      "alignItems": "center",
                      "borderBottomLeftRadius": 2,
                      "borderRadius": 13,
                      "borderWidth": 2.5,
                      "elevation": 3,
                      "height": 26,
                      "justifyContent": "center",
                      "shadowColor": "#000",
                      "shadowOffset": {
                        "height": 2,
                        "width": 0,
                      },
                      "shadowOpacity": 0.2,
                      "shadowRadius": 4,
                      "transform": [
                        {
                          "rotate": "-45deg",
                        },
                      ],
                      "width": 26,
                    },
                    {
                      "backgroundColor": "#14201B",
                      "borderColor": "#FFFFFF",
                    },
                  ]
                }
              >
                <View
                  style={
                    [
                      {
                        "borderRadius": 3.5,
                        "height": 7,
                        "transform": [
                          {
                            "rotate": "45deg",
                          },
                        ],
                        "width": 7,
                      },
                      {
                        "backgroundColor": "#FFFFFF",
                      },
                    ]
                  }
                />
              </View>
            </Marker>
          </MapView>
          <View
            pointerEvents="none"
            style={
              {
                "backgroundColor": "#EDEBE1",
                "opacity": 0.18,
              }
            }
          />
          <Animated.View
            accessibilityElementsHidden={true}
            importantForAccessibility="no-hide-descendants"
            style={
              [
                {
                  "backgroundColor": "#EAE7DC",
                },
                {
                  "borderRadius": 0,
                  "height": 16,
                  "opacity": AnimatedValue {
                    "value": 0.45,
                  },
                  "width": "100%",
                },
                {},
              ]
            }
          />
          <View
            style={
              {
                "backgroundColor": "#2E3B42",
                "borderRadius": 9999,
                "left": 8,
                "paddingHorizontal": 8,
                "paddingVertical": 4,
                "position": "absolute",
                "top": 8,
              }
            }
          >
            <Text
              style={
                {
                  "color": "#F3F1E9",
                  "fontSize": 12,
                  "fontWeight": "600",
                }
              }
            >
              booking:detail.statusInProgress
            </Text>
          </View>
        </View>
        <TouchableOpacity
          accessibilityLabel="booking:detail.viewRouteFullscreen"
          accessibilityRole="button"
          activeOpacity={0.85}
          onPress={[Function]}
          style={
            [
              {
                "alignItems": "center",
                "borderRadius": 9999,
                "bottom": 8,
                "elevation": 2,
                "flexDirection": "row",
                "gap": 4,
                "paddingHorizontal": 8,
                "paddingVertical": 4,
                "position": "absolute",
                "right": 8,
                "shadowColor": "#000",
                "shadowOffset": {
                  "height": 2,
                  "width": 0,
                },
                "shadowOpacity": 0.12,
                "shadowRadius": 6,
              },
              {
                "backgroundColor": "#FFFFFF",
              },
            ]
          }
        >
          <Ionicons
            accessibilityElementsHidden={true}
            color="#14201B"
            importantForAccessibility="no-hide-descendants"
            name="expand-outline"
            size={16}
          />
          <Text
            style={
              [
                {
                  "fontSize": 12,
                  "fontWeight": "400",
                  "lineHeight": 18,
                },
                {
                  "color": "#14201B",
                  "textAlign": undefined,
                  "writingDirection": "ltr",
                },
                undefined,
              ]
            }
          >
            booking:detail.viewRoute
          </Text>
        </TouchableOpacity>
      </View>
      <View
        style={
          [
            {
              "borderRadius": 16,
              "borderWidth": 1,
              "gap": 8,
              "marginHorizontal": 16,
              "padding": 12,
            },
            {
              "backgroundColor": "#FFFFFF",
              "borderColor": "#E4EDFB",
            },
          ]
        }
      >
        <View
          style={
            {
              "alignItems": "flex-start",
              "flexDirection": "row",
              "gap": 8,
              "justifyContent": "space-between",
            }
          }
        >
          <Text
            numberOfLines={2}
            style={
              [
                {
                  "fontSize": 24,
                  "fontWeight": "600",
                  "lineHeight": 28.799999999999997,
                },
                {
                  "color": "#14201B",
                  "textAlign": undefined,
                  "writingDirection": "ltr",
                },
                {
                  "flex": 1,
                },
              ]
            }
          >
            Arrêt Menzah 6 → Hammamet
          </Text>
        </View>
        <Text
          style={
            [
              {
                "fontSize": 12,
                "fontWeight": "400",
                "lineHeight": 18,
              },
              {
                "color": "#8B93A3",
                "textAlign": undefined,
                "writingDirection": "ltr",
              },
              undefined,
            ]
          }
        >
          mar. 25 août · 8:30
        </Text>
        <View
          style={
            {
              "marginBottom": 4,
              "marginTop": 4,
            }
          }
        >
          <View
            style={
              {
                "alignItems": "center",
                "flexDirection": "row",
                "gap": 8,
              }
            }
          >
            <View
              style={
                [
                  {
                    "borderRadius": 5,
                    "borderWidth": 2,
                    "height": 10,
                    "width": 10,
                  },
                  {
                    "backgroundColor": "#2E9E6C",
                    "borderColor": "#FFFFFF",
                  },
                ]
              }
            />
            <View
              style={
                {
                  "flex": 1,
                  "gap": 1,
                }
              }
            >
              <Text
                numberOfLines={1}
                style={
                  [
                    {
                      "fontSize": 14,
                      "fontWeight": "400",
                      "lineHeight": 21,
                    },
                    {
                      "color": "#14201B",
                      "textAlign": undefined,
                      "writingDirection": "ltr",
                    },
                    {
                      "fontWeight": "700",
                    },
                  ]
                }
              >
                Arrêt Menzah 6
              </Text>
              <Text
                numberOfLines={1}
                style={
                  [
                    {
                      "fontSize": 12,
                      "fontWeight": "400",
                      "lineHeight": 18,
                    },
                    {
                      "color": "#5B6572",
                      "textAlign": undefined,
                      "writingDirection": "ltr",
                    },
                    undefined,
                  ]
                }
              >
                8:30
              </Text>
            </View>
            <TouchableOpacity
              accessibilityLabel="booking:detail.getDirections"
              accessibilityRole="button"
              hitSlop={8}
              onPress={[Function]}
              style={
                [
                  {
                    "alignItems": "center",
                    "borderRadius": 16,
                    "height": 32,
                    "justifyContent": "center",
                    "width": 32,
                  },
                  {
                    "backgroundColor": "#E4EDFB",
                  },
                ]
              }
            >
              <Ionicons
                accessibilityElementsHidden={true}
                color="#14201B"
                importantForAccessibility="no-hide-descendants"
                name="navigate-outline"
                size={16}
              />
            </TouchableOpacity>
          </View>
          <View
            style={
              [
                {
                  "height": 12,
                  "marginLeft": 4.5,
                  "marginVertical": 2,
                  "width": 1,
                },
                {
                  "backgroundColor": "#E4EDFB",
                },
              ]
            }
          />
          <View
            style={
              {
                "alignItems": "center",
                "flexDirection": "row",
                "gap": 8,
              }
            }
          >
            <View
              style={
                [
                  {
                    "borderRadius": 5,
                    "borderWidth": 2,
                    "height": 10,
                    "width": 10,
                  },
                  {
                    "backgroundColor": "#14201B",
                    "borderColor": "#FFFFFF",
                  },
                ]
              }
            />
            <View
              style={
                {
                  "flex": 1,
                  "gap": 1,
                }
              }
            >
              <Text
                numberOfLines={1}
                style={
                  [
                    {
                      "fontSize": 14,
                      "fontWeight": "400",
                      "lineHeight": 21,
                    },
                    {
                      "color": "#14201B",
                      "textAlign": undefined,
                      "writingDirection": "ltr",
                    },
                    {
                      "fontWeight": "700",
                    },
                  ]
                }
              >
                Hammamet
              </Text>
            </View>
            <TouchableOpacity
              accessibilityLabel="booking:detail.getDirections"
              accessibilityRole="button"
              hitSlop={8}
              onPress={[Function]}
              style={
                [
                  {
                    "alignItems": "center",
                    "borderRadius": 16,
                    "height": 32,
                    "justifyContent": "center",
                    "width": 32,
                  },
                  {
                    "backgroundColor": "#E4EDFB",
                  },
                ]
              }
            >
              <Ionicons
                accessibilityElementsHidden={true}
                color="#14201B"
                importantForAccessibility="no-hide-descendants"
                name="navigate-outline"
                size={16}
              />
            </TouchableOpacity>
          </View>
        </View>
        <View
          style={
            {
              "alignItems": "center",
              "flexDirection": "row",
              "gap": 8,
            }
          }
        >
          <Ionicons
            accessibilityElementsHidden={true}
            color="#5B6572"
            importantForAccessibility="no-hide-descendants"
            name="cash-outline"
            size={20}
          />
          <Text
            style={
              [
                {
                  "fontSize": 14,
                  "fontWeight": "400",
                  "lineHeight": 21,
                },
                {
                  "color": "#5B6572",
                  "textAlign": undefined,
                  "writingDirection": "ltr",
                },
                undefined,
              ]
            }
          >
            booking:detail.priceAndSeats
          </Text>
        </View>
      </View>
      <View
        style={
          [
            {
              "borderRadius": 16,
              "borderWidth": 1,
              "gap": 8,
              "marginHorizontal": 16,
              "padding": 12,
            },
            {
              "backgroundColor": "#FFFFFF",
              "borderColor": "#E4EDFB",
            },
          ]
        }
      >
        <TouchableOpacity
          accessibilityLabel="common:actions.viewProfile"
          accessibilityRole="button"
          activeOpacity={0.7}
          onPress={[Function]}
          style={
            {
              "alignItems": "center",
              "flexDirection": "row",
              "gap": 8,
            }
          }
        >
          <View
            accessibilityLabel="Photo de Amine Ben Salah"
            accessibilityRole="image"
            accessible={true}
            style={
              [
                {
                  "alignItems": "center",
                  "justifyContent": "center",
                },
                {
                  "backgroundColor": "#E4EDFB",
                  "borderRadius": 26,
                  "height": 52,
                  "width": 52,
                },
              ]
            }
          >
            <Text
              style={
                [
                  {
                    "color": "#FFFFFF",
                    "fontWeight": "600",
                  },
                  {
                    "color": "#14201B",
                    "fontSize": 21,
                  },
                ]
              }
            >
              AB
            </Text>
          </View>
          <View
            style={
              {
                "flex": 1,
                "gap": 2,
              }
            }
          >
            <Text
              numberOfLines={1}
              style={
                [
                  {
                    "fontSize": 14,
                    "fontWeight": "500",
                    "lineHeight": 21,
                  },
                  {
                    "color": "#14201B",
                    "textAlign": undefined,
                    "writingDirection": "ltr",
                  },
                  undefined,
                ]
              }
            >
              Amine Ben Salah
            </Text>
            <View
              style={
                {
                  "alignItems": "center",
                  "flexDirection": "row",
                  "gap": 3,
                }
              }
            >
              <Ionicons
                accessibilityElementsHidden={true}
                color="#2E9E6C"
                importantForAccessibility="no-hide-descendants"
                name="star"
                size={16}
              />
              <Text
                style={
                  [
                    {
                      "fontSize": 12,
                      "fontWeight": "400",
                      "lineHeight": 18,
                    },
                    {
                      "color": "#5B6572",
                      "textAlign": undefined,
                      "writingDirection": "ltr",
                    },
                    undefined,
                  ]
                }
              >
                4.8
              </Text>
              <Text
                style={
                  [
                    {
                      "fontSize": 12,
                      "fontWeight": "400",
                      "lineHeight": 18,
                    },
                    {
                      "color": "#8B93A3",
                      "textAlign": undefined,
                      "writingDirection": "ltr",
                    },
                    undefined,
                  ]
                }
              >
                booking:detail.tripsSuffix
              </Text>
            </View>
          </View>
          <View
            accessibilityLabel="Confiance"
            accessibilityRole="text"
            accessible={true}
            style={
              [
                {
                  "alignSelf": "flex-start",
                  "borderRadius": 9999,
                  "paddingHorizontal": 8,
                  "paddingVertical": 4,
                },
                {
                  "backgroundColor": "#E4EDFB",
                },
                undefined,
              ]
            }
          >
            <Text
              style={
                [
                  {
                    "fontSize": 12,
                    "fontWeight": "500",
                  },
                  {
                    "color": "#4A7C8C",
                  },
                ]
              }
            >
              Confiance
            </Text>
          </View>
          <Ionicons
            accessibilityElementsHidden={true}
            color="#D3E1F5"
            importantForAccessibility="no-hide-descendants"
            name="chevron-forward"
            size={16}
          />
        </TouchableOpacity>
        <View
          style={
            {
              "flexDirection": "row",
              "gap": 8,
            }
          }
        >
          <TouchableOpacity
            accessibilityLabel="booking:detail.sendMessage"
            accessibilityRole="button"
            activeOpacity={0.7}
            onPress={[Function]}
            style={
              [
                {
                  "alignItems": "center",
                  "borderRadius": 9999,
                  "flex": 1,
                  "flexDirection": "row",
                  "gap": 4,
                  "justifyContent": "center",
                  "paddingVertical": 8,
                },
                {
                  "backgroundColor": "#E4EDFB",
                },
              ]
            }
          >
            <Ionicons
              accessibilityElementsHidden={true}
              color="#14201B"
              importantForAccessibility="no-hide-descendants"
              name="chatbubble-outline"
              size={20}
            />
            <Text
              style={
                [
                  {
                    "fontSize": 14,
                    "fontWeight": "400",
                    "lineHeight": 21,
                  },
                  {
                    "color": "#14201B",
                    "textAlign": undefined,
                    "writingDirection": "ltr",
                  },
                  undefined,
                ]
              }
            >
              common:actions.message
            </Text>
          </TouchableOpacity>
          <TouchableOpacity
            accessibilityLabel="common:actions.call"
            accessibilityRole="button"
            activeOpacity={0.7}
            disabled={false}
            onPress={[Function]}
            style={
              [
                {
                  "alignItems": "center",
                  "borderRadius": 9999,
                  "flex": 1,
                  "flexDirection": "row",
                  "gap": 4,
                  "justifyContent": "center",
                  "paddingVertical": 8,
                },
                {
                  "backgroundColor": "#E4EDFB",
                },
              ]
            }
          >
            <Ionicons
              accessibilityElementsHidden={true}
              color="#14201B"
              importantForAccessibility="no-hide-descendants"
              name="call-outline"
              size={20}
            />
            <Text
              style={
                [
                  {
                    "fontSize": 14,
                    "fontWeight": "400",
                    "lineHeight": 21,
                  },
                  {
                    "color": "#14201B",
                    "textAlign": undefined,
                    "writingDirection": "ltr",
                  },
                  undefined,
                ]
              }
            >
              common:actions.call
            </Text>
          </TouchableOpacity>
        </View>
      </View>
      <View
        style={
          [
            {
              "borderRadius": 16,
              "borderWidth": 1,
              "gap": 8,
              "marginHorizontal": 16,
              "padding": 12,
            },
            {
              "alignItems": "center",
              "flexDirection": "row",
              "gap": 8,
            },
            {
              "backgroundColor": "#FFFFFF",
              "borderColor": "#E4EDFB",
            },
          ]
        }
      >
        <View
          style={
            [
              {
                "alignItems": "center",
                "borderRadius": 12,
                "height": 44,
                "justifyContent": "center",
                "width": 44,
              },
              {
                "backgroundColor": "#E4EDFB",
              },
            ]
          }
        >
          <Ionicons
            accessibilityElementsHidden={true}
            color="#5B6572"
            importantForAccessibility="no-hide-descendants"
            name="car-sport-outline"
            size={24}
          />
        </View>
        <View>
          <Text
            style={
              [
                {
                  "fontSize": 14,
                  "fontWeight": "500",
                  "lineHeight": 21,
                },
                {
                  "color": "#14201B",
                  "textAlign": undefined,
                  "writingDirection": "ltr",
                },
                undefined,
              ]
            }
          >
            common:terms.vehicle
          </Text>
          <Text
            style={
              [
                {
                  "fontSize": 14,
                  "fontWeight": "400",
                  "lineHeight": 21,
                },
                {
                  "color": "#5B6572",
                  "textAlign": undefined,
                  "writingDirection": "ltr",
                },
                undefined,
              ]
            }
          >
            Peugeot 301 · Noire
          </Text>
          <Text
            style={
              [
                {
                  "fontSize": 12,
                  "fontWeight": "400",
                  "lineHeight": 18,
                },
                {
                  "color": "#8B93A3",
                  "textAlign": undefined,
                  "writingDirection": "ltr",
                },
                undefined,
              ]
            }
          >
            210TU3344
          </Text>
        </View>
      </View>
      <View
        style={
          {
            "height": 32,
          }
        }
      />
    </ScrollView>
    <View
      style={
        [
          {
            "borderTopWidth": 1,
            "paddingHorizontal": 16,
            "paddingTop": 8,
          },
          {
            "backgroundColor": "#FFFFFF",
            "borderTopColor": "#E4EDFB",
            "paddingBottom": 12,
          },
        ]
      }
    >
      <Pressable
        accessibilityLabel="booking:cancelBooking"
        accessibilityRole="button"
        accessibilityState={
          {
            "busy": false,
            "disabled": false,
          }
        }
        disabled={false}
        onPress={[Function]}
        style={[Function]}
      >
        <Text
          style={
            [
              {
                "fontWeight": "600",
              },
              {
                "fontSize": 16,
              },
              {
                "color": "#14201B",
              },
            ]
          }
        >
          booking:cancelBooking
        </Text>
      </Pressable>
    </View>
    <Modal
      animationType="slide"
      onRequestClose={[Function]}
      visible={false}
    >
      <View
        style={
          [
            {
              "flex": 1,
            },
            {
              "backgroundColor": "#FFFFFF",
            },
          ]
        }
      >
        <View
          style={
            [
              {
                "borderRadius": 16,
                "overflow": "hidden",
                "position": "relative",
              },
              {
                "flex": 1,
                "minHeight": 200,
              },
              {
                "flex": 1,
              },
            ]
          }
        >
          <MapView
            customMapStyle={
              [
                {
                  "elementType": "geometry",
                  "stylers": [
                    {
                      "color": "#F3F1E9",
                    },
                  ],
                },
                {
                  "elementType": "labels.icon",
                  "stylers": [
                    {
                      "visibility": "off",
                    },
                  ],
                },
                {
                  "elementType": "labels.text.fill",
                  "stylers": [
                    {
                      "color": "#5B6572",
                    },
                  ],
                },
                {
                  "elementType": "labels.text.stroke",
                  "stylers": [
                    {
                      "color": "#FFFFFF",
                    },
                  ],
                },
                {
                  "elementType": "geometry",
                  "featureType": "landscape.natural",
                  "stylers": [
                    {
                      "color": "#F3F1E9",
                    },
                  ],
                },
                {
                  "elementType": "geometry",
                  "featureType": "administrative",
                  "stylers": [
                    {
                      "color": "#D3CFC0",
                    },
                  ],
                },
                {
                  "featureType": "administrative.land_parcel",
                  "stylers": [
                    {
                      "visibility": "off",
                    },
                  ],
                },
                {
                  "elementType": "geometry",
                  "featureType": "poi",
                  "stylers": [
                    {
                      "color": "#E7E3D5",
                    },
                  ],
                },
                {
                  "elementType": "labels.text.fill",
                  "featureType": "poi",
                  "stylers": [
                    {
                      "color": "#7A8677",
                    },
                  ],
                },
                {
                  "elementType": "geometry",
                  "featureType": "poi.park",
                  "stylers": [
                    {
                      "color": "#DDE3E0",
                    },
                  ],
                },
                {
                  "elementType": "labels.text.fill",
                  "featureType": "poi.park",
                  "stylers": [
                    {
                      "color": "#5B6572",
                    },
                  ],
                },
                {
                  "elementType": "geometry",
                  "featureType": "road",
                  "stylers": [
                    {
                      "color": "#FFFFFF",
                    },
                  ],
                },
                {
                  "elementType": "geometry.stroke",
                  "featureType": "road",
                  "stylers": [
                    {
                      "color": "#E4DFCE",
                    },
                  ],
                },
                {
                  "elementType": "labels.text.fill",
                  "featureType": "road",
                  "stylers": [
                    {
                      "color": "#8B93A3",
                    },
                  ],
                },
                {
                  "elementType": "geometry",
                  "featureType": "road.highway",
                  "stylers": [
                    {
                      "color": "#EDE8D6",
                    },
                  ],
                },
                {
                  "elementType": "geometry.stroke",
                  "featureType": "road.highway",
                  "stylers": [
                    {
                      "color": "#D9D2B8",
                    },
                  ],
                },
                {
                  "elementType": "labels.text.fill",
                  "featureType": "road.highway",
                  "stylers": [
                    {
                      "color": "#5B6572",
                    },
                  ],
                },
                {
                  "elementType": "geometry",
                  "featureType": "transit",
                  "stylers": [
                    {
                      "color": "#E7E3D5",
                    },
                  ],
                },
                {
                  "elementType": "geometry",
                  "featureType": "water",
                  "stylers": [
                    {
                      "color": "#B9D6DE",
                    },
                  ],
                },
                {
                  "elementType": "labels.text.fill",
                  "featureType": "water",
                  "stylers": [
                    {
                      "color": "#5B7D8A",
                    },
                  ],
                },
              ]
            }
            initialRegion={
              {
                "latitude": 36.620999999999995,
                "latitudeDelta": 0.7072000000000003,
                "longitude": 10.39,
                "longitudeDelta": 0.6719999999999999,
              }
            }
            mapType="standard"
            onMapReady={[Function]}
            provider="google"
            style={{}}
          >
            <Marker
              anchor={
                {
                  "x": 0.5,
                  "y": 0.5,
                }
              }
              coordinate={
                {
                  "latitude": 36.842,
                  "longitude": 10.18,
                }
              }
            >
              <View
                style={
                  [
                    {
                      "alignItems": "center",
                      "borderBottomLeftRadius": 2,
                      "borderRadius": 13,
                      "borderWidth": 2.5,
                      "elevation": 3,
                      "height": 26,
                      "justifyContent": "center",
                      "shadowColor": "#000",
                      "shadowOffset": {
                        "height": 2,
                        "width": 0,
                      },
                      "shadowOpacity": 0.2,
                      "shadowRadius": 4,
                      "transform": [
                        {
                          "rotate": "-45deg",
                        },
                      ],
                      "width": 26,
                    },
                    {
                      "backgroundColor": "#2E9E6C",
                      "borderColor": "#FFFFFF",
                    },
                  ]
                }
              >
                <View
                  style={
                    [
                      {
                        "borderRadius": 3.5,
                        "height": 7,
                        "transform": [
                          {
                            "rotate": "45deg",
                          },
                        ],
                        "width": 7,
                      },
                      {
                        "backgroundColor": "#0D1512",
                      },
                    ]
                  }
                />
              </View>
            </Marker>
            <Marker
              anchor={
                {
                  "x": 0.5,
                  "y": 0.5,
                }
              }
              coordinate={
                {
                  "latitude": 36.4,
                  "longitude": 10.6,
                }
              }
            >
              <View
                style={
                  [
                    {
                      "borderRadius": 8,
                      "borderWidth": 2,
                      "height": 16,
                      "width": 16,
                    },
                    {
                      "backgroundColor": "#14201B",
                      "borderColor": "#FFFFFF",
                    },
                  ]
                }
              />
            </Marker>
          </MapView>
          <View
            pointerEvents="none"
            style={
              {
                "backgroundColor": "#EDEBE1",
                "opacity": 0.18,
              }
            }
          />
          <Animated.View
            accessibilityElementsHidden={true}
            importantForAccessibility="no-hide-descendants"
            style={
              [
                {
                  "backgroundColor": "#EAE7DC",
                },
                {
                  "borderRadius": 0,
                  "height": 16,
                  "opacity": AnimatedValue {
                    "value": 0.45,
                  },
                  "width": "100%",
                },
                {},
              ]
            }
          />
        </View>
        <TouchableOpacity
          accessibilityLabel="common:actions.close"
          accessibilityRole="button"
          hitSlop={12}
          onPress={[Function]}
          style={
            [
              {
                "alignItems": "center",
                "borderRadius": 20,
                "elevation": 3,
                "height": 40,
                "justifyContent": "center",
                "position": "absolute",
                "right": 16,
                "shadowColor": "#000",
                "shadowOffset": {
                  "height": 2,
                  "width": 0,
                },
                "shadowOpacity": 0.15,
                "shadowRadius": 6,
                "width": 40,
              },
              {
                "backgroundColor": "#FFFFFF",
                "top": 8,
              },
            ]
          }
        >
          <Ionicons
            color="#14201B"
            name="close"
            size={22}
          />
        </TouchableOpacity>
      </View>
    </Modal>
  </View>,
  <View
    pointerEvents="box-none"
    style={
      {
        "gap": 8,
        "left": 16,
        "position": "absolute",
        "right": 16,
        "top": 32,
      }
    }
  />,
]
`;
